2026-02-07 16:00:45,699 - __main__ - INFO - Starting download and processing of TESS TCE data from https://exoplanetarchive.ipac.caltech.edu/cgi-bin/nstedAPI/nph-nstedAPI?table=tess_tce&format=csv
2026-02-07 16:00:46,354 - __main__ - INFO - Downloaded TESS TCE data. Shape: (2, 1)
2026-02-07 16:00:46,355 - __main__ - ERROR - 'tic_id' column not found in TESS TCE data. Cannot proceed.
2026-02-07 16:01:42,524 - __main__ - INFO - Starting download and processing of TESS TCE data from https://exoplanetarchive.ipac.caltech.edu/cgi-bin/nstedAPI/nph-nstedAPI?table=tess_tce&format=csv
2026-02-07 16:01:42,923 - __main__ - INFO - Downloaded TESS TCE data. Shape: (2, 1)
2026-02-07 16:01:42,924 - __main__ - INFO - Raw downloaded TESS TCE data saved to: /Users/emmanuel/proj/phd/data_files/temp_tess_tce_raw.csv
2026-02-07 16:01:42,924 - __main__ - INFO - TESS TCE columns: ['ERROR<br>']
2026-02-07 16:01:42,927 - __main__ - INFO - TESS TCE head:
                                       ERROR<br>
0  Error Type: UserError - "table" parameter<br>
1   Message:    "tess_tce" is not a valid table.
2026-02-07 16:01:42,927 - __main__ - ERROR - 'tic_id' or 'TIC ID' column not found in TESS TCE data. Cannot proceed.
2026-02-07 16:03:24,271 - __main__ - INFO - Starting download and processing of TESS TCE data from https://exoplanetarchive.ipac.caltech.edu/cgi-bin/nstedAPI/nph-nstedAPI?table=toi&format=csv
2026-02-07 16:03:25,007 - __main__ - INFO - Downloaded TESS TCE data. Shape: (2, 1)
2026-02-07 16:03:25,008 - __main__ - INFO - Raw downloaded TESS TCE data saved to: /Users/emmanuel/proj/phd/data_files/temp_tess_tce_raw.csv
2026-02-07 16:03:25,008 - __main__ - INFO - TESS TCE columns: ['ERROR<br>']
2026-02-07 16:03:25,010 - __main__ - INFO - TESS TCE head:
                                           ERROR<br>
0                        Error Type: SystemError<br>
1  Message:    Error 904: 42S22 :[Oracle][ODBC][O...
2026-02-07 16:03:25,010 - __main__ - ERROR - 'tic_id' or 'TIC ID' column not found in TESS TCE data. Cannot proceed.
